// Vitest Snapshot v1, https://vitest.dev/guide/snapshot.html

exports[`QSN > stringify and parse > should encode and decode arrays 1`] = `"[!1,two,!f,!n]"`;

exports[`QSN > stringify and parse > should encode and decode booleans 1`] = `"!t"`;

exports[`QSN > stringify and parse > should encode and decode booleans 2`] = `"!f"`;

exports[`QSN > stringify and parse > should encode and decode complex structures 1`] = `"[arr:[!1,[foo:bar,baz:[!t,!f,!n]]],str:hello!,world!!,num:!123,bool:!t,nil:!n]"`;

exports[`QSN > stringify and parse > should encode and decode nested arrays 1`] = `"[!1,[!2,[!3,!n]],test]"`;

exports[`QSN > stringify and parse > should encode and decode nested objects 1`] = `"[a:[b:[c:[!1,!2,!3]]],d:test]"`;

exports[`QSN > stringify and parse > should encode and decode null 1`] = `"!n"`;

exports[`QSN > stringify and parse > should encode and decode numbers 1`] = `"!42"`;

exports[`QSN > stringify and parse > should encode and decode numbers 2`] = `"!-3.14"`;

exports[`QSN > stringify and parse > should encode and decode objects 1`] = `"[a:!1,b:two,c:!f,d:!n]"`;

exports[`QSN > stringify and parse > should encode and decode strings 1`] = `"hello"`;

exports[`QSN > stringify and parse > should encode and decode strings 2`] = `"!!!,!:!["`;

exports[`QSN > stringify and parse > should escape and unescape special characters in keys and values 1`] = `"[!!key!,!:![:!!value!,!:![]"`;

exports[`QSN > stringify and parse > should handle empty array and object 1`] = `"[]"`;

exports[`QSN > stringify and parse > should handle empty array and object 2`] = `"[:]"`;
